// Vitest Snapshot v1, https://vitest.dev/guide/snapshot.html

exports[`Holiday Data Integrity > year 2022 > should match snapshot 1`] = `
{
  "holidays": [
    {
      "date": "2022-01-01",
      "isJointHoliday": false,
      "isObservance": false,
      "name": "Tahun Baru 2022 Masehi",
      "type": "public",
    },
    {
      "date": "2022-01-01",
      "isJointHoliday": false,
      "isObservance": true,
      "name": "Hari Raya Siwaratri",
      "type": "observance",
    },
    {
      "date": "2022-02-01",
      "isJointHoliday": false,
      "isObservance": false,
      "name": "Tahun Baru Imlek 2573 Kongzili",
      "type": "public",
    },
    {
      "date": "2022-02-28",
      "isJointHoliday": false,
      "isObservance": false,
      "name": "Isra Mikraj Nabi Muhammad SAW",
      "type": "public",
    },
    {
      "date": "2022-03-02",
      "isJointHoliday": false,
      "isObservance": true,
      "name": "Tawur Agung Hari Raya Nyepi 1943 Saka",
      "type": "observance",
    },
    {
      "date": "2022-03-03",
      "isJointHoliday": false,
      "isObservance": false,
      "name": "Hari Suci Nyepi Tahun Baru Saka 1944",
      "type": "public",
    },
    {
      "date": "2022-03-04",
      "isJointHoliday": false,
      "isObservance": true,
      "name": "Ngembak Geni Hari Raya Nyepi Tahun 1944 Saka",
      "type": "observance",
    },
    {
      "date": "2022-03-26",
      "isJointHoliday": false,
      "isObservance": true,
      "name": "Hari Raya Saraswati 1",
      "type": "observance",
    },
    {
      "date": "2022-03-30",
      "isJointHoliday": false,
      "isObservance": true,
      "name": "Hari Raya Pagerwesi 1",
      "type": "observance",
    },
    {
      "date": "2022-04-15",
      "isJointHoliday": false,
      "isObservance": false,
      "name": "Wafat Isa Al Masih",
      "type": "public",
    },
    {
      "date": "2022-04-29",
      "isJointHoliday": true,
      "isObservance": false,
      "name": "Hari Raya Idul Fitri 1443 Hijriyah",
      "type": "joint",
    },
    {
      "date": "2022-05-01",
      "isJointHoliday": false,
      "isObservance": false,
      "name": "Hari Buruh Internasional",
      "type": "public",
    },
    {
      "date": "2022-05-02",
      "isJointHoliday": false,
      "isObservance": false,
      "name": "Hari Raya Idul Fitri 1443 Hijriyah",
      "type": "public",
    },
    {
      "date": "2022-05-03",
      "isJointHoliday": false,
      "isObservance": false,
      "name": "Hari Raya Idul Fitri 1443 Hijriyah",
      "type": "public",
    },
    {
      "date": "2022-05-04",
      "isJointHoliday": true,
      "isObservance": false,
      "name": "Hari Raya Idul Fitri 1443 Hijriyah",
      "type": "joint",
    },
    {
      "date": "2022-05-05",
      "isJointHoliday": true,
      "isObservance": false,
      "name": "Hari Raya Idul Fitri 1443 Hijriyah",
      "type": "joint",
    },
    {
      "date": "2022-05-06",
      "isJointHoliday": true,
      "isObservance": false,
      "name": "Hari Raya Idul Fitri 1443 Hijriyah",
      "type": "joint",
    },
    {
      "date": "2022-05-16",
      "isJointHoliday": false,
      "isObservance": false,
      "name": "Hari Raya Waisak 2566 BE",
      "type": "public",
    },
    {
      "date": "2022-05-26",
      "isJointHoliday": false,
      "isObservance": false,
      "name": "Kenaikan Isa Al Masih",
      "type": "public",
    },
    {
      "date": "2022-06-01",
      "isJointHoliday": false,
      "isObservance": false,
      "name": "Hari Lahir Pancasila",
      "type": "public",
    },
    {
      "date": "2022-06-08",
      "isJointHoliday": false,
      "isObservance": true,
      "name": "Hari Raya Galungan",
      "type": "observance",
    },
    {
      "date": "2022-06-18",
      "isJointHoliday": false,
      "isObservance": true,
      "name": "Hari Raya Kuningan",
      "type": "observance",
    },
    {
      "date": "2022-07-09",
      "isJointHoliday": false,
      "isObservance": false,
      "name": "Hari Raya Idul Adha 1443 Hijriyah",
      "type": "public",
    },
    {
      "date": "2022-07-30",
      "isJointHoliday": false,
      "isObservance": false,
      "name": "Tahun Baru Islam 1444 Hijriyah",
      "type": "public",
    },
    {
      "date": "2022-08-17",
      "isJointHoliday": false,
      "isObservance": false,
      "name": "Hari Kemerdekaan Republik Indonesia",
      "type": "public",
    },
    {
      "date": "2022-10-08",
      "isJointHoliday": false,
      "isObservance": false,
      "name": "Maulid Nabi Muhammad SAW",
      "type": "public",
    },
    {
      "date": "2022-10-22",
      "isJointHoliday": false,
      "isObservance": true,
      "name": "Hari Raya Saraswati 2",
      "type": "observance",
    },
    {
      "date": "2022-10-24",
      "isJointHoliday": false,
      "isObservance": true,
      "name": "Hari Raya Dipawali",
      "type": "observance",
    },
    {
      "date": "2022-10-26",
      "isJointHoliday": false,
      "isObservance": true,
      "name": "Hari Raya Pagerwesi 2",
      "type": "observance",
    },
    {
      "date": "2022-12-25",
      "isJointHoliday": false,
      "isObservance": false,
      "name": "Hari Raya Natal",
      "type": "public",
    },
  ],
  "version": "2022.1",
  "year": 2022,
}
`;

exports[`Holiday Data Integrity > year 2023 > should match snapshot 1`] = `
{
  "holidays": [
    {
      "date": "2023-01-01",
      "isJointHoliday": false,
      "isObservance": false,
      "name": "Tahun Baru 2023 Masehi",
      "type": "public",
    },
    {
      "date": "2023-01-03",
      "isJointHoliday": false,
      "isObservance": true,
      "name": "Hari Penampahan Galungan",
      "type": "observance",
    },
    {
      "date": "2023-01-04",
      "isJointHoliday": false,
      "isObservance": true,
      "name": "Hari Raya Galungan",
      "type": "observance",
    },
    {
      "date": "2023-01-05",
      "isJointHoliday": false,
      "isObservance": true,
      "name": "Hari Umanis Galungan",
      "type": "observance",
    },
    {
      "date": "2023-01-13",
      "isJointHoliday": false,
      "isObservance": true,
      "name": "Hari Penampahan Kuningan",
      "type": "observance",
    },
    {
      "date": "2023-01-14",
      "isJointHoliday": false,
      "isObservance": true,
      "name": "Hari Raya Kuningan",
      "type": "observance",
    },
    {
      "date": "2023-01-20",
      "isJointHoliday": false,
      "isObservance": true,
      "name": "Hari Suci Siwaratri",
      "type": "observance",
    },
    {
      "date": "2023-01-22",
      "isJointHoliday": false,
      "isObservance": false,
      "name": "Tahun Baru Imlek 2574 Kongzili",
      "type": "public",
    },
    {
      "date": "2023-01-23",
      "isJointHoliday": true,
      "isObservance": false,
      "name": "Tahun Baru Imlek 2574 Kongzili",
      "type": "joint",
    },
    {
      "date": "2023-02-18",
      "isJointHoliday": false,
      "isObservance": false,
      "name": "Isra Mikraj Nabi Muhammad SAW",
      "type": "public",
    },
    {
      "date": "2023-03-21",
      "isJointHoliday": false,
      "isObservance": true,
      "name": "Hari Tawur Agung Kesanga",
      "type": "observance",
    },
    {
      "date": "2023-03-22",
      "isJointHoliday": false,
      "isObservance": false,
      "name": "Hari Suci Nyepi Tahun Baru Saka 1945",
      "type": "public",
    },
    {
      "date": "2023-03-23",
      "isJointHoliday": true,
      "isObservance": false,
      "name": "Hari Suci Nyepi Tahun Baru Saka 1945",
      "type": "joint",
    },
    {
      "date": "2023-04-07",
      "isJointHoliday": false,
      "isObservance": false,
      "name": "Wafat Isa Al Masih",
      "type": "public",
    },
    {
      "date": "2023-04-19",
      "isJointHoliday": true,
      "isObservance": false,
      "name": "Hari Raya Idul Fitri 1444 Hijriyah",
      "type": "joint",
    },
    {
      "date": "2023-04-20",
      "isJointHoliday": true,
      "isObservance": false,
      "name": "Hari Raya Idul Fitri 1444 Hijriyah",
      "type": "joint",
    },
    {
      "date": "2023-04-21",
      "isJointHoliday": true,
      "isObservance": false,
      "name": "Hari Raya Idul Fitri 1444 Hijriyah",
      "type": "joint",
    },
    {
      "date": "2023-04-22",
      "isJointHoliday": false,
      "isObservance": false,
      "name": "Hari Raya Idul Fitri 1444 Hijriyah",
      "type": "public",
    },
    {
      "date": "2023-04-23",
      "isJointHoliday": false,
      "isObservance": false,
      "name": "Hari Raya Idul Fitri 1444 Hijriyah",
      "type": "public",
    },
    {
      "date": "2023-04-24",
      "isJointHoliday": true,
      "isObservance": false,
      "name": "Hari Raya Idul Fitri 1444 Hijriyah",
      "type": "joint",
    },
    {
      "date": "2023-04-25",
      "isJointHoliday": true,
      "isObservance": false,
      "name": "Hari Raya Idul Fitri 1444 Hijriyah",
      "type": "joint",
    },
    {
      "date": "2023-05-01",
      "isJointHoliday": false,
      "isObservance": false,
      "name": "Hari Buruh Internasional",
      "type": "public",
    },
    {
      "date": "2023-05-18",
      "isJointHoliday": false,
      "isObservance": false,
      "name": "Kenaikan Isa Al Masih",
      "type": "public",
    },
    {
      "date": "2023-05-20",
      "isJointHoliday": false,
      "isObservance": true,
      "name": "Hari Raya Saraswati",
      "type": "observance",
    },
    {
      "date": "2023-05-24",
      "isJointHoliday": false,
      "isObservance": true,
      "name": "Hari Raya Pagerwesi",
      "type": "observance",
    },
    {
      "date": "2023-06-01",
      "isJointHoliday": false,
      "isObservance": false,
      "name": "Hari Lahir Pancasila",
      "type": "public",
    },
    {
      "date": "2023-06-02",
      "isJointHoliday": true,
      "isObservance": false,
      "name": "Hari Raya Waisak 2567 BE",
      "type": "joint",
    },
    {
      "date": "2023-06-04",
      "isJointHoliday": false,
      "isObservance": false,
      "name": "Hari Raya Waisak 2567 BE",
      "type": "public",
    },
    {
      "date": "2023-06-28",
      "isJointHoliday": true,
      "isObservance": false,
      "name": "Hari Raya Idul Adha 1444 Hijriyah",
      "type": "joint",
    },
    {
      "date": "2023-06-29",
      "isJointHoliday": false,
      "isObservance": false,
      "name": "Hari Raya Idul Adha 1444 Hijriyah",
      "type": "public",
    },
    {
      "date": "2023-06-30",
      "isJointHoliday": true,
      "isObservance": false,
      "name": "Hari Raya Idul Adha 1444 Hijriyah",
      "type": "joint",
    },
    {
      "date": "2023-07-19",
      "isJointHoliday": false,
      "isObservance": false,
      "name": "Tahun Baru Islam 1445 Hijriyah",
      "type": "public",
    },
    {
      "date": "2023-08-01",
      "isJointHoliday": false,
      "isObservance": true,
      "name": "Hari Penampahan Galungan",
      "type": "observance",
    },
    {
      "date": "2023-08-02",
      "isJointHoliday": false,
      "isObservance": true,
      "name": "Hari Raya Galungan",
      "type": "observance",
    },
    {
      "date": "2023-08-03",
      "isJointHoliday": false,
      "isObservance": true,
      "name": "Hari Umanis Galungan",
      "type": "observance",
    },
    {
      "date": "2023-08-11",
      "isJointHoliday": false,
      "isObservance": true,
      "name": "Hari Penampahan Kuningan",
      "type": "observance",
    },
    {
      "date": "2023-08-12",
      "isJointHoliday": false,
      "isObservance": true,
      "name": "Hari Raya Kuningan",
      "type": "observance",
    },
    {
      "date": "2023-08-17",
      "isJointHoliday": false,
      "isObservance": false,
      "name": "Hari Kemerdekaan Republik Indonesia",
      "type": "public",
    },
    {
      "date": "2023-09-28",
      "isJointHoliday": false,
      "isObservance": false,
      "name": "Maulid Nabi Muhammad SAW",
      "type": "public",
    },
    {
      "date": "2023-11-12",
      "isJointHoliday": false,
      "isObservance": true,
      "name": "Hari Deepavali/Dewali",
      "type": "observance",
    },
    {
      "date": "2023-12-16",
      "isJointHoliday": false,
      "isObservance": true,
      "name": "Hari Raya Saraswati",
      "type": "observance",
    },
    {
      "date": "2023-12-20",
      "isJointHoliday": false,
      "isObservance": true,
      "name": "Hari Raya Pagerwesi",
      "type": "observance",
    },
    {
      "date": "2023-12-25",
      "isJointHoliday": false,
      "isObservance": false,
      "name": "Hari Raya Natal",
      "type": "public",
    },
    {
      "date": "2023-12-26",
      "isJointHoliday": true,
      "isObservance": false,
      "name": "Hari Raya Natal",
      "type": "joint",
    },
  ],
  "version": "2023.1",
  "year": 2023,
}
`;

exports[`Holiday Data Integrity > year 2024 > should match snapshot 1`] = `
{
  "holidays": [
    {
      "date": "2024-01-01",
      "isJointHoliday": false,
      "isObservance": false,
      "name": "Tahun Baru 2024 Masehi",
      "type": "public",
    },
    {
      "date": "2024-01-09",
      "isJointHoliday": false,
      "isObservance": true,
      "name": "Hari Suci Siwaratri",
      "type": "observance",
    },
    {
      "date": "2024-02-08",
      "isJointHoliday": false,
      "isObservance": false,
      "name": "Isra Mikraj Nabi Muhammad SAW",
      "type": "public",
    },
    {
      "date": "2024-02-09",
      "isJointHoliday": true,
      "isObservance": false,
      "name": "Tahun Baru Imlek 2575 Kongzili",
      "type": "joint",
    },
    {
      "date": "2024-02-10",
      "isJointHoliday": false,
      "isObservance": false,
      "name": "Tahun Baru Imlek 2575 Kongzili",
      "type": "public",
    },
    {
      "date": "2024-02-27",
      "isJointHoliday": false,
      "isObservance": true,
      "name": "Hari Penampahan Galungan",
      "type": "observance",
    },
    {
      "date": "2024-02-28",
      "isJointHoliday": false,
      "isObservance": true,
      "name": "Hari Raya Galungan",
      "type": "observance",
    },
    {
      "date": "2024-02-29",
      "isJointHoliday": false,
      "isObservance": true,
      "name": "Hari Umanis Galungan",
      "type": "observance",
    },
    {
      "date": "2024-03-08",
      "isJointHoliday": false,
      "isObservance": true,
      "name": "Hari Penampahan Kuningan",
      "type": "observance",
    },
    {
      "date": "2024-03-09",
      "isJointHoliday": false,
      "isObservance": true,
      "name": "Hari Raya Kuningan",
      "type": "observance",
    },
    {
      "date": "2024-03-10",
      "isJointHoliday": false,
      "isObservance": true,
      "name": "Hari Tawur Agung Kesanga",
      "type": "observance",
    },
    {
      "date": "2024-03-11",
      "isJointHoliday": false,
      "isObservance": false,
      "name": "Hari Suci Nyepi Tahun Baru Saka 1946",
      "type": "public",
    },
    {
      "date": "2024-03-12",
      "isJointHoliday": true,
      "isObservance": false,
      "name": "Hari Suci Nyepi Tahun Baru Saka 1946",
      "type": "joint",
    },
    {
      "date": "2024-03-29",
      "isJointHoliday": false,
      "isObservance": false,
      "name": "Wafat Isa Al Masih",
      "type": "public",
    },
    {
      "date": "2024-03-31",
      "isJointHoliday": false,
      "isObservance": false,
      "name": "Hari Paskah",
      "type": "public",
    },
    {
      "date": "2024-04-08",
      "isJointHoliday": true,
      "isObservance": false,
      "name": "Hari Raya Idul Fitri 1445 Hijriyah",
      "type": "joint",
    },
    {
      "date": "2024-04-09",
      "isJointHoliday": true,
      "isObservance": false,
      "name": "Hari Raya Idul Fitri 1445 Hijriyah",
      "type": "joint",
    },
    {
      "date": "2024-04-10",
      "isJointHoliday": false,
      "isObservance": false,
      "name": "Hari Raya Idul Fitri 1445 Hijriyah",
      "type": "public",
    },
    {
      "date": "2024-04-11",
      "isJointHoliday": false,
      "isObservance": false,
      "name": "Hari Raya Idul Fitri 1445 Hijriyah",
      "type": "public",
    },
    {
      "date": "2024-04-12",
      "isJointHoliday": true,
      "isObservance": false,
      "name": "Hari Raya Idul Fitri 1445 Hijriyah",
      "type": "joint",
    },
    {
      "date": "2024-04-15",
      "isJointHoliday": true,
      "isObservance": false,
      "name": "Hari Raya Idul Fitri 1445 Hijriyah",
      "type": "joint",
    },
    {
      "date": "2024-05-01",
      "isJointHoliday": false,
      "isObservance": false,
      "name": "Hari Buruh Internasional",
      "type": "public",
    },
    {
      "date": "2024-05-09",
      "isJointHoliday": false,
      "isObservance": false,
      "name": "Kenaikan Isa Al Masih",
      "type": "public",
    },
    {
      "date": "2024-05-10",
      "isJointHoliday": true,
      "isObservance": false,
      "name": "Kenaikan Isa Al Masih",
      "type": "joint",
    },
    {
      "date": "2024-05-23",
      "isJointHoliday": false,
      "isObservance": false,
      "name": "Hari Raya Waisak 2568 BE",
      "type": "public",
    },
    {
      "date": "2024-05-24",
      "isJointHoliday": true,
      "isObservance": false,
      "name": "Hari Raya Waisak 2568 BE",
      "type": "joint",
    },
    {
      "date": "2024-06-01",
      "isJointHoliday": false,
      "isObservance": false,
      "name": "Hari Lahir Pancasila",
      "type": "public",
    },
    {
      "date": "2024-06-17",
      "isJointHoliday": false,
      "isObservance": false,
      "name": "Hari Raya Idul Adha 1445 Hijriyah",
      "type": "public",
    },
    {
      "date": "2024-06-18",
      "isJointHoliday": true,
      "isObservance": false,
      "name": "Hari Raya Idul Adha 1445 Hijriyah",
      "type": "joint",
    },
    {
      "date": "2024-07-07",
      "isJointHoliday": false,
      "isObservance": false,
      "name": "Tahun Baru Islam 1446 Hijriyah",
      "type": "public",
    },
    {
      "date": "2024-07-13",
      "isJointHoliday": false,
      "isObservance": true,
      "name": "Hari Raya Saraswati",
      "type": "observance",
    },
    {
      "date": "2024-07-17",
      "isJointHoliday": false,
      "isObservance": true,
      "name": "Hari Raya Pagerwesi",
      "type": "observance",
    },
    {
      "date": "2024-08-17",
      "isJointHoliday": false,
      "isObservance": false,
      "name": "Hari Kemerdekaan Republik Indonesia",
      "type": "public",
    },
    {
      "date": "2024-09-16",
      "isJointHoliday": false,
      "isObservance": false,
      "name": "Maulid Nabi Muhammad SAW",
      "type": "public",
    },
    {
      "date": "2024-09-24",
      "isJointHoliday": false,
      "isObservance": true,
      "name": "Hari Penampahan Galungan",
      "type": "observance",
    },
    {
      "date": "2024-09-25",
      "isJointHoliday": false,
      "isObservance": true,
      "name": "Hari Raya Galungan",
      "type": "observance",
    },
    {
      "date": "2024-09-26",
      "isJointHoliday": false,
      "isObservance": true,
      "name": "Hari Umanis Galungan",
      "type": "observance",
    },
    {
      "date": "2024-10-04",
      "isJointHoliday": false,
      "isObservance": true,
      "name": "Hari Penampahan Kuningan",
      "type": "observance",
    },
    {
      "date": "2024-10-05",
      "isJointHoliday": false,
      "isObservance": true,
      "name": "Hari Raya Kuningan",
      "type": "observance",
    },
    {
      "date": "2024-11-01",
      "isJointHoliday": false,
      "isObservance": true,
      "name": "Hari Deepavali/Dewali",
      "type": "observance",
    },
    {
      "date": "2024-11-27",
      "isJointHoliday": false,
      "isObservance": false,
      "name": "Pemilihan Kepala Daerah (Pilkada)",
      "type": "public",
    },
    {
      "date": "2024-12-25",
      "isJointHoliday": false,
      "isObservance": false,
      "name": "Hari Raya Natal",
      "type": "public",
    },
    {
      "date": "2024-12-26",
      "isJointHoliday": true,
      "isObservance": false,
      "name": "Hari Raya Natal",
      "type": "joint",
    },
  ],
  "version": "2024.1",
  "year": 2024,
}
`;

exports[`Holiday Data Integrity > year 2025 > should match snapshot 1`] = `
{
  "holidays": [
    {
      "date": "2025-01-01",
      "isJointHoliday": false,
      "isObservance": false,
      "name": "Tahun Baru 2025 Masehi",
      "type": "public",
    },
    {
      "date": "2025-01-27",
      "isJointHoliday": false,
      "isObservance": false,
      "name": "Isra Mikraj Nabi Muhammad SAW",
      "type": "public",
    },
    {
      "date": "2025-01-27",
      "isJointHoliday": false,
      "isObservance": true,
      "name": "Hari Suci Siwa Ratri",
      "type": "observance",
    },
    {
      "date": "2025-01-28",
      "isJointHoliday": true,
      "isObservance": false,
      "name": "Tahun Baru Imlek 2576 Kongzili",
      "type": "joint",
    },
    {
      "date": "2025-01-29",
      "isJointHoliday": false,
      "isObservance": false,
      "name": "Tahun Baru Imlek 2576 Kongzili",
      "type": "public",
    },
    {
      "date": "2025-02-08",
      "isJointHoliday": false,
      "isObservance": true,
      "name": "Hari Raya Saraswati",
      "type": "observance",
    },
    {
      "date": "2025-02-12",
      "isJointHoliday": false,
      "isObservance": true,
      "name": "Hari Raya Pagarwesi",
      "type": "observance",
    },
    {
      "date": "2025-03-28",
      "isJointHoliday": true,
      "isObservance": false,
      "name": "Hari Suci Nyepi Tahun Baru Saka 1947",
      "type": "joint",
    },
    {
      "date": "2025-03-28",
      "isJointHoliday": false,
      "isObservance": true,
      "name": "Hari Tawur Agung",
      "type": "observance",
    },
    {
      "date": "2025-03-29",
      "isJointHoliday": false,
      "isObservance": false,
      "name": "Hari Suci Nyepi Tahun Baru Saka 1947",
      "type": "public",
    },
    {
      "date": "2025-03-30",
      "isJointHoliday": false,
      "isObservance": true,
      "name": "Ngembak Geni Hari Suci Nyepi Tahun Saka 1947",
      "type": "observance",
    },
    {
      "date": "2025-03-31",
      "isJointHoliday": false,
      "isObservance": false,
      "name": "Hari Raya Idul Fitri 1446 Hijriyah",
      "type": "public",
    },
    {
      "date": "2025-04-01",
      "isJointHoliday": false,
      "isObservance": false,
      "name": "Hari Raya Idul Fitri 1446 Hijriyah",
      "type": "public",
    },
    {
      "date": "2025-04-02",
      "isJointHoliday": true,
      "isObservance": false,
      "name": "Hari Raya Idul Fitri 1446 Hijriyah",
      "type": "joint",
    },
    {
      "date": "2025-04-03",
      "isJointHoliday": true,
      "isObservance": false,
      "name": "Hari Raya Idul Fitri 1446 Hijriyah",
      "type": "joint",
    },
    {
      "date": "2025-04-04",
      "isJointHoliday": true,
      "isObservance": false,
      "name": "Hari Raya Idul Fitri 1446 Hijriyah",
      "type": "joint",
    },
    {
      "date": "2025-04-07",
      "isJointHoliday": true,
      "isObservance": false,
      "name": "Hari Raya Idul Fitri 1446 Hijriyah",
      "type": "joint",
    },
    {
      "date": "2025-04-18",
      "isJointHoliday": false,
      "isObservance": false,
      "name": "Wafat Yesus Kristus",
      "type": "public",
    },
    {
      "date": "2025-04-20",
      "isJointHoliday": false,
      "isObservance": false,
      "name": "Kebangkitan Yesus Kristus (Paskah)",
      "type": "public",
    },
    {
      "date": "2025-04-22",
      "isJointHoliday": false,
      "isObservance": true,
      "name": "Hari Penampahan Galungan",
      "type": "observance",
    },
    {
      "date": "2025-04-23",
      "isJointHoliday": false,
      "isObservance": true,
      "name": "Hari Raya Galungan",
      "type": "observance",
    },
    {
      "date": "2025-04-24",
      "isJointHoliday": false,
      "isObservance": true,
      "name": "Hari Umanis Galungan",
      "type": "observance",
    },
    {
      "date": "2025-05-01",
      "isJointHoliday": false,
      "isObservance": false,
      "name": "Hari Buruh Internasional",
      "type": "public",
    },
    {
      "date": "2025-05-02",
      "isJointHoliday": false,
      "isObservance": true,
      "name": "Hari Penampahan Kuningan",
      "type": "observance",
    },
    {
      "date": "2025-05-03",
      "isJointHoliday": false,
      "isObservance": true,
      "name": "Hari Raya Kuningan",
      "type": "observance",
    },
    {
      "date": "2025-05-12",
      "isJointHoliday": false,
      "isObservance": false,
      "name": "Hari Raya Waisak 2569 BE",
      "type": "public",
    },
    {
      "date": "2025-05-13",
      "isJointHoliday": true,
      "isObservance": false,
      "name": "Hari Raya Waisak 2569 BE",
      "type": "joint",
    },
    {
      "date": "2025-05-29",
      "isJointHoliday": false,
      "isObservance": false,
      "name": "Kenaikan Yesus Kristus",
      "type": "public",
    },
    {
      "date": "2025-05-30",
      "isJointHoliday": true,
      "isObservance": false,
      "name": "Kenaikan Yesus Kristus",
      "type": "joint",
    },
    {
      "date": "2025-06-01",
      "isJointHoliday": false,
      "isObservance": false,
      "name": "Hari Lahir Pancasila",
      "type": "public",
    },
    {
      "date": "2025-06-06",
      "isJointHoliday": false,
      "isObservance": false,
      "name": "Hari Raya Idul Adha 1446 Hijriyah",
      "type": "public",
    },
    {
      "date": "2025-06-09",
      "isJointHoliday": true,
      "isObservance": false,
      "name": "Hari Raya Idul Adha 1446 Hijriyah",
      "type": "joint",
    },
    {
      "date": "2025-06-27",
      "isJointHoliday": false,
      "isObservance": false,
      "name": "Tahun Baru Islam 1447 Hijriyah",
      "type": "public",
    },
    {
      "date": "2025-08-17",
      "isJointHoliday": false,
      "isObservance": false,
      "name": "Hari Kemerdekaan Republik Indonesia",
      "type": "public",
    },
    {
      "date": "2025-08-18",
      "isJointHoliday": true,
      "isObservance": false,
      "name": "Proklamasi Kemerdekaan",
      "type": "joint",
    },
    {
      "date": "2025-09-05",
      "isJointHoliday": false,
      "isObservance": false,
      "name": "Maulid Nabi Muhammad SAW",
      "type": "public",
    },
    {
      "date": "2025-09-06",
      "isJointHoliday": false,
      "isObservance": true,
      "name": "Hari Raya Saraswati",
      "type": "observance",
    },
    {
      "date": "2025-09-10",
      "isJointHoliday": false,
      "isObservance": true,
      "name": "Hari Raya Pagarwesi",
      "type": "observance",
    },
    {
      "date": "2025-10-20",
      "isJointHoliday": false,
      "isObservance": true,
      "name": "Hari Deepavali/Diwali",
      "type": "observance",
    },
    {
      "date": "2025-11-18",
      "isJointHoliday": false,
      "isObservance": true,
      "name": "Hari Penampahan Galungan",
      "type": "observance",
    },
    {
      "date": "2025-11-19",
      "isJointHoliday": false,
      "isObservance": true,
      "name": "Hari Raya Galungan",
      "type": "observance",
    },
    {
      "date": "2025-11-20",
      "isJointHoliday": false,
      "isObservance": true,
      "name": "Hari Umanis Galungan",
      "type": "observance",
    },
    {
      "date": "2025-11-28",
      "isJointHoliday": false,
      "isObservance": true,
      "name": "Hari Penampahan Kuningan",
      "type": "observance",
    },
    {
      "date": "2025-11-29",
      "isJointHoliday": false,
      "isObservance": true,
      "name": "Hari Raya Kuningan",
      "type": "observance",
    },
    {
      "date": "2025-12-25",
      "isJointHoliday": false,
      "isObservance": false,
      "name": "Hari Raya Natal",
      "type": "public",
    },
    {
      "date": "2025-12-26",
      "isJointHoliday": true,
      "isObservance": false,
      "name": "Hari Raya Natal",
      "type": "joint",
    },
  ],
  "version": "2025.1",
  "year": 2025,
}
`;

exports[`Holiday Data Integrity > year 2026 > should match snapshot 1`] = `
{
  "holidays": [
    {
      "date": "2026-01-01",
      "isJointHoliday": false,
      "isObservance": false,
      "name": "Tahun Baru 2026 Masehi",
      "type": "public",
    },
    {
      "date": "2026-01-16",
      "isJointHoliday": false,
      "isObservance": false,
      "name": "Isra Mikraj Nabi Muhammad SAW",
      "type": "public",
    },
    {
      "date": "2026-01-17",
      "isJointHoliday": false,
      "isObservance": true,
      "name": "Hari Suci Siwa Ratri",
      "type": "observance",
    },
    {
      "date": "2026-02-16",
      "isJointHoliday": true,
      "isObservance": false,
      "name": "Tahun Baru Imlek 2577 Kongzili",
      "type": "joint",
    },
    {
      "date": "2026-02-17",
      "isJointHoliday": false,
      "isObservance": false,
      "name": "Tahun Baru Imlek 2577 Kongzili",
      "type": "public",
    },
    {
      "date": "2026-03-18",
      "isJointHoliday": true,
      "isObservance": false,
      "name": "Hari Suci Nyepi Tahun Baru Saka 1948",
      "type": "joint",
    },
    {
      "date": "2026-03-19",
      "isJointHoliday": false,
      "isObservance": false,
      "name": "Hari Suci Nyepi Tahun Baru Saka 1948",
      "type": "public",
    },
    {
      "date": "2026-03-20",
      "isJointHoliday": true,
      "isObservance": false,
      "name": "Hari Raya Idul Fitri 1447 Hijriah",
      "type": "joint",
    },
    {
      "date": "2026-03-20",
      "isJointHoliday": false,
      "isObservance": true,
      "name": "Ngembak Geni Hari Suci Nyepi Tahun Baru Saka 1948",
      "type": "observance",
    },
    {
      "date": "2026-03-21",
      "isJointHoliday": false,
      "isObservance": false,
      "name": "Hari Raya Idul Fitri 1447 Hijriah",
      "type": "public",
    },
    {
      "date": "2026-03-22",
      "isJointHoliday": false,
      "isObservance": false,
      "name": "Hari Raya Idul Fitri 1447 Hijriah",
      "type": "public",
    },
    {
      "date": "2026-03-23",
      "isJointHoliday": true,
      "isObservance": false,
      "name": "Hari Raya Idul Fitri 1447 Hijriah",
      "type": "joint",
    },
    {
      "date": "2026-03-24",
      "isJointHoliday": true,
      "isObservance": false,
      "name": "Hari Raya Idul Fitri 1447 Hijriah",
      "type": "joint",
    },
    {
      "date": "2026-04-03",
      "isJointHoliday": false,
      "isObservance": false,
      "name": "Wafat Yesus Kristus",
      "type": "public",
    },
    {
      "date": "2026-04-04",
      "isJointHoliday": false,
      "isObservance": true,
      "name": "Hari Raya Saraswati",
      "type": "observance",
    },
    {
      "date": "2026-04-05",
      "isJointHoliday": false,
      "isObservance": false,
      "name": "Kebangkitan Yesus Kristus (Paskah)",
      "type": "public",
    },
    {
      "date": "2026-04-08",
      "isJointHoliday": false,
      "isObservance": true,
      "name": "Hari Raya Pagarwesi",
      "type": "observance",
    },
    {
      "date": "2026-05-01",
      "isJointHoliday": false,
      "isObservance": false,
      "name": "Hari Buruh Internasional",
      "type": "public",
    },
    {
      "date": "2026-05-14",
      "isJointHoliday": false,
      "isObservance": false,
      "name": "Kenaikan Yesus Kristus",
      "type": "public",
    },
    {
      "date": "2026-05-15",
      "isJointHoliday": true,
      "isObservance": false,
      "name": "Kenaikan Yesus Kristus",
      "type": "joint",
    },
    {
      "date": "2026-05-27",
      "isJointHoliday": false,
      "isObservance": false,
      "name": "Hari Raya Idul Adha 1447 Hijriah",
      "type": "public",
    },
    {
      "date": "2026-05-28",
      "isJointHoliday": true,
      "isObservance": false,
      "name": "Hari Raya Idul Adha 1447 Hijriah",
      "type": "joint",
    },
    {
      "date": "2026-05-31",
      "isJointHoliday": false,
      "isObservance": false,
      "name": "Hari Raya Waisak 2570 BE",
      "type": "public",
    },
    {
      "date": "2026-06-01",
      "isJointHoliday": false,
      "isObservance": false,
      "name": "Hari Lahir Pancasila",
      "type": "public",
    },
    {
      "date": "2026-06-16",
      "isJointHoliday": false,
      "isObservance": false,
      "name": "Tahun Baru Islam 1448 Hijriah",
      "type": "public",
    },
    {
      "date": "2026-06-16",
      "isJointHoliday": false,
      "isObservance": true,
      "name": "Hari Penampahan Galungan",
      "type": "observance",
    },
    {
      "date": "2026-06-17",
      "isJointHoliday": false,
      "isObservance": true,
      "name": "Hari Raya Galungan",
      "type": "observance",
    },
    {
      "date": "2026-06-18",
      "isJointHoliday": false,
      "isObservance": true,
      "name": "Hari Umanis Galungan",
      "type": "observance",
    },
    {
      "date": "2026-06-26",
      "isJointHoliday": false,
      "isObservance": true,
      "name": "Hari Penampahan Kuningan",
      "type": "observance",
    },
    {
      "date": "2026-06-27",
      "isJointHoliday": false,
      "isObservance": true,
      "name": "Hari Raya Kuningan",
      "type": "observance",
    },
    {
      "date": "2026-08-17",
      "isJointHoliday": false,
      "isObservance": false,
      "name": "Hari Proklamasi Kemerdekaan Republik Indonesia",
      "type": "public",
    },
    {
      "date": "2026-08-25",
      "isJointHoliday": false,
      "isObservance": false,
      "name": "Maulid Nabi Muhammad SAW",
      "type": "public",
    },
    {
      "date": "2026-10-31",
      "isJointHoliday": false,
      "isObservance": true,
      "name": "Hari Raya Saraswati",
      "type": "observance",
    },
    {
      "date": "2026-11-04",
      "isJointHoliday": false,
      "isObservance": true,
      "name": "Hari Raya Pagarwesi",
      "type": "observance",
    },
    {
      "date": "2026-11-08",
      "isJointHoliday": false,
      "isObservance": true,
      "name": "Hari Deepavali/Diwali",
      "type": "observance",
    },
    {
      "date": "2026-12-24",
      "isJointHoliday": true,
      "isObservance": false,
      "name": "Hari Raya Natal",
      "type": "joint",
    },
    {
      "date": "2026-12-25",
      "isJointHoliday": false,
      "isObservance": false,
      "name": "Hari Raya Natal/Kelahiran Yesus Kristus",
      "type": "public",
    },
  ],
  "version": "2026.1",
  "year": 2026,
}
`;
